regex,matchtype,matchnumber,time(ms),span
(((((Q|R)(I|V)....)(T|C)D..G)(I|V)V.)(H|F)..)(F|Y),first_match,0,1549,"[-1, -1]"
(((((Q|R)(I|V)....)(T|C)D..G)(I|V)V.)(H|F)..)(F|Y),all_matches,0,1549,"[-1, -1]"
DHKNLD.D,first_match,0,769,"[-1, -1]"
DHKNLD.D,all_matches,0,769,"[-1, -1]"
(((S|A)(L|I|V|M))(N|G|S))(S|T|A)DDP,first_match,0,1613,"[-1, -1]"
(((S|A)(L|I|V|M))(N|G|S))(S|T|A)DDP,all_matches,0,1613,"[-1, -1]"
(GI)(G|R)P.Y..K..R,first_match,0,868,"[-1, -1]"
(GI)(G|R)P.Y..K..R,all_matches,0,868,"[-1, -1]"
(((((L|I|V|M|F|G|AE)(L|I|M|S|T|A|C))(G|S)G)(K|N|L|M))(S|A|D|N))(T|A|P|F|V),first_match,0,879,"[-1, -1]"
(((((L|I|V|M|F|G|AE)(L|I|M|S|T|A|C))(G|S)G)(K|N|L|M))(S|A|D|N))(T|A|P|F|V),all_matches,0,879,"[-1, -1]"
((N|S.TNH.Y)(F|W)N)(L|I),first_match,0,696,"[-1, -1]"
((N|S.TNH.Y)(F|W)N)(L|I),all_matches,0,696,"[-1, -1]"
((((I|V.DS)(G|A|S))(G|A|S|C))(G|A|S|T))(G|A)T,first_match,0,727,"[-1, -1]"
((((I|V.DS)(G|A|S))(G|A|S|C))(G|A|S|T))(G|A)T,all_matches,0,727,"[-1, -1]"
P..L...KWE.C,first_match,0,681,"[-1, -1]"
P..L...KWE.C,all_matches,0,681,"[-1, -1]"
((G|A.)(L|I|V|M)..HGTDT)(L|I|V|M),first_match,0,730,"[-1, -1]"
((G|A.)(L|I|V|M)..HGTDT)(L|I|V|M),all_matches,0,730,"[-1, -1]"
((((((P(S|A|P))(L|I|V))(D|N|H))(A|C|D|E|F|H|I|M|P|Q|R|S|T|V|W|Y))(A|C|D|E|G|H|I|K|L|M|N|P|Q|R|S|T|V|W|Y))(A|C|D|E|F|G|H|I|K|L|M|N|P|Q|R|T|V|W|Y)S)(A|E|F|G|I|K|L|M|N|Q|R|S|T|V|W|Y)S,first_match,0,1291,"[-1, -1]"
((((((P(S|A|P))(L|I|V))(D|N|H))(A|C|D|E|F|H|I|M|P|Q|R|S|T|V|W|Y))(A|C|D|E|G|H|I|K|L|M|N|P|Q|R|S|T|V|W|Y))(A|C|D|E|F|G|H|I|K|L|M|N|P|Q|R|T|V|W|Y)S)(A|E|F|G|I|K|L|M|N|Q|R|S|T|V|W|Y)S,all_matches,0,1291,"[-1, -1]"
(((((E|D|Q|H)(A|C|D|E|F|G|H|I|L|M|N|P|Q|R|S|T|V|W|Y)K)(A|C|F|G|H|K|L|M|N|P|Q|R|S|T|W|Y))(D|N)G)(A|C|D|E|F|H|I|K|M|P|Q|R|S|T|V|W)R)(G|A|C|I|V|M),first_match,0,1028,"[-1, -1]"
(((((E|D|Q|H)(A|C|D|E|F|G|H|I|L|M|N|P|Q|R|S|T|V|W|Y)K)(A|C|F|G|H|K|L|M|N|P|Q|R|S|T|W|Y))(D|N)G)(A|C|D|E|F|H|I|K|M|P|Q|R|S|T|V|W)R)(G|A|C|I|V|M),all_matches,0,1028,"[-1, -1]"
(((((DG)(P|D)SA)(G|S))(L|I|V|M|C|A))(T|A))(L|I|V|M),first_match,0,640,"[-1, -1]"
(((((DG)(P|D)SA)(G|S))(L|I|V|M|C|A))(T|A))(L|I|V|M),all_matches,0,640,"[-1, -1]"
(A|G....GK)(S|T),first_match,1,790,"[56, 57]"
(A|G....GK)(S|T),consecutive,1,790,"[56, 57]"
(A|G....GK)(S|T),consecutive,2,7,"[93, 94]"
(A|G....GK)(S|T),all_matches,2,797,"[-1, -1]"
((CP|.)(S|T)N)(I|L|V)GT,first_match,0,689,"[-1, -1]"
((CP|.)(S|T)N)(I|L|V)GT,all_matches,0,689,"[-1, -1]"
((((((P(L|I|V|M)..D)(G|A))(S|T))(A|C))(S|N))(G|A))(L|I|V|M|F|Y)Q,first_match,0,709,"[-1, -1]"
((((((P(L|I|V|M)..D)(G|A))(S|T))(A|C))(S|N))(G|A))(L|I|V|M|F|Y)Q,all_matches,0,709,"[-1, -1]"
